// Jest Snapshot v1, https://goo.gl/fbAQLP

exports[`<Authentication/> should have match snapshot 1`] = `
<div
  className="card signin-card"
>
  <div
    className="signin-card__wrapper"
  >
    <p
      className="signin-card__message"
    >
      Konekte kounya pou ou ka genyen yon pi bon eksperyans.
    </p>
    <a
      href="/authentication/sign-in-with-social-media"
      onClick={[Function]}
    >
      <button
        className="auth-button success-button"
      >
        KONEKTE
      </button>
    </a>
  </div>
</div>
`;

exports[`<Authentication/> should match the snapshot 1`] = `
<div
  className="card signin-card"
>
  <div
    className="signin-card__wrapper"
  >
    <p
      className="signin-card__message"
    >
      Konekte kounya pou ou ka genyen yon pi bon eksperyans.
    </p>
    <a
      href="/authentication/sign-in-with-social-media"
      onClick={[Function]}
    >
      <button
        className="auth-button success-button"
      >
        KONEKTE
      </button>
    </a>
  </div>
</div>
`;
